../Core/Src/main.c:102:5:main	8	static
../Core/Src/main.c:189:6:SystemClock_Config	88	static
../Core/Src/main.c:236:13:MX_TIM3_Init	32	static
../Core/Src/main.c:281:13:MX_TIM4_Init	32	static
../Core/Src/main.c:326:13:MX_TIM5_Init	32	static
../Core/Src/main.c:371:13:MX_USART2_UART_Init	8	static
../Core/Src/main.c:404:13:MX_GPIO_Init	48	static
../Core/Src/main.c:467:6:SenalCuadrada	16	static
../Core/Src/main.c:482:6:Cedula	16	static
../Core/Src/main.c:507:6:Receptor	64	static
../Core/Src/main.c:538:6:HAL_GPIO_EXTI_Callback	16	static
../Core/Src/main.c:547:6:HAL_TIM_PeriodElapsedCallback	16	static
../Core/Src/main.c:575:6:Error_Handler	4	static,ignoring_inline_asm
